Script started on Fri Aug 14 09:31:14 2026
Command: ../cv.sh heart-face.ico
************ Converting heart-face.ico to various formats ************
------------ netpbm version info
/opt/netpbm-a/bin/winicontopam
winicontopam: Using libnetpbm from Netpbm Version: Netpbm 11.15.99
winicontopam: Built at 2026-08-13 19:25:36
winicontopam: Built by davidevans
winicontopam: BSD defined
winicontopam: RGB_ENV='RGBDEF'
winicontopam: RGBENV= 'RGBDEF' (env vbl is unset)
------------ split the ico file
winicontopam: heart-face.ico icon directory (3 images):
winicontopam:     0:  16 x  16, 16777216 colors,   458 bytes
winicontopam:     1:  32 x  32, 16777216 colors,   831 bytes
winicontopam:     2:  48 x  48, 16777216 colors,  1171 bytes
winicontopam: image  0: PNG  16 x  16 x  8 (RGB/palette)
pamsplit: WRITING im0.pam
winicontopam: image  1: PNG  32 x  32 x  8 (RGB/palette)
pamsplit: WRITING im1.pam
winicontopam: image  2: PNG  48 x  48 x  8 (RGB/palette)
pamsplit: WRITING im2.pam

------------ convert the split files into png
pam to png for im0
pamtopng: Input format = PAM
pamtopng: Input tuple type = 'RGB_ALPHA'
pamtopng: Input depth = 4
pamtopng: Input maxval = 255
pam to png for im1
pamtopng: Input format = PAM
pamtopng: Input tuple type = 'RGB_ALPHA'
pamtopng: Input depth = 4
pamtopng: Input maxval = 255
pam to png for im2
pamtopng: Input format = PAM
pamtopng: Input tuple type = 'RGB_ALPHA'
pamtopng: Input depth = 4
pamtopng: Input maxval = 255
------------ Convert pam to ico
pamtowinicon: Image  0: encoding as PNG
pamtowinicon: Image  0:  16 x  16 x 4, 71 colors, AND mask
pamtowinicon: Image  0: 458 bytes
pamtowinicon: Image  1: encoding as PNG
pamtowinicon: Image  1:  32 x  32 x 4, 122 colors, AND mask
pamtowinicon: Image  1: 831 bytes
pamtowinicon: Image  2: encoding as PNG
pamtowinicon: Image  2:  48 x  48 x 4, 161 colors, AND mask
pamtowinicon: Image  2: 1171 bytes
pamtowinicon: image  0:  16 x  16 x 32
pamtowinicon: image  1:  32 x  32 x 32
pamtowinicon: image  2:  48 x  48 x 32
------------ Convert each pam to ico
pamtowinicon: Image  0: encoding as PNG
pamtowinicon: Image  0:  16 x  16 x 4, 71 colors, AND mask
pamtowinicon: Image  0: 458 bytes
pamtowinicon: image  0:  16 x  16 x 32
pamtowinicon: Image  0: encoding as PNG
pamtowinicon: Image  0:  32 x  32 x 4, 122 colors, AND mask
pamtowinicon: Image  0: 831 bytes
pamtowinicon: image  0:  32 x  32 x 32
pamtowinicon: Image  0: encoding as PNG
pamtowinicon: Image  0:  48 x  48 x 4, 161 colors, AND mask
pamtowinicon: Image  0: 1171 bytes
pamtowinicon: image  0:  48 x  48 x 32

Command exit status: 0
Script done on Fri Aug 14 09:31:14 2026
