Script started on Mon Aug 10 12:39:35 2026
Command: ../cv.sh square.ico
************ Converting square.ico to various formats ************
------------ netpbm version info
/opt/netpbm-a/bin/winicontopam
winicontopam: Using libnetpbm from Netpbm Version: Netpbm 11.15.5
winicontopam: Built at 2026-08-09 15:01:35
winicontopam: Built by davidevans
winicontopam: BSD defined
winicontopam: RGB_ENV='RGBDEF'
winicontopam: RGBENV= 'RGBDEF' (env vbl is unset)
------------ split the ico file
pamsplit: WRITING im0.pam
winicontopam: square.ico icon directory (3 images):
winicontopam:     0:  16 x  16,       12 colors,   296 bytes
winicontopam:     1:  32 x  32,       13 colors,   744 bytes
winicontopam:     2:  48 x  48,       13 colors,  1640 bytes
winicontopam: image  0: BMP  16 x  16 x  4 (RGB/palette)
winicontopam: image  1: BMP  32 x  32 x  4 (RGB/palette)
winicontopam: image  2: BMP  48 x  48 x  4 (RGB/palette)
pamsplit: WRITING im1.pam
pamsplit: WRITING im2.pam

------------ convert the split files into png
pam to png for im0
pamtopng: Input format = PAM
pamtopng: Input tuple type = 'RGB_ALPHA'
pamtopng: Input depth = 4
pamtopng: Input maxval = 255
pam to png for im1
pamtopng: Input format = PAM
pamtopng: Input tuple type = 'RGB_ALPHA'
pamtopng: Input depth = 4
pamtopng: Input maxval = 255
pam to png for im2
pamtopng: Input format = PAM
pamtopng: Input tuple type = 'RGB_ALPHA'
pamtopng: Input depth = 4
pamtopng: Input maxval = 255
------------ Convert pam to ico
pamtowinicon: Image  0: encoding as BMP
pamtowinicon: Image  0:  16 x  16 x 4, 12 colors, AND mask
pamtowinicon: Image  0: 296 bytes
pamtowinicon: Image  1: encoding as BMP
pamtowinicon: Image  1:  32 x  32 x 4, 13 colors, AND mask
pamtowinicon: Image  1: 744 bytes
pamtowinicon: Image  2: encoding as BMP
pamtowinicon: Image  2:  48 x  48 x 4, 13 colors, AND mask
pamtowinicon: Image  2: 1640 bytes
pamtowinicon: image  0:  16 x  16 x  4
pamtowinicon: image  1:  32 x  32 x  4
pamtowinicon: image  2:  48 x  48 x  4
------------ Convert each pam to ico
pamtowinicon: Image  0: encoding as BMP
pamtowinicon: Image  0:  16 x  16 x 4, 12 colors, AND mask
pamtowinicon: Image  0: 296 bytes
pamtowinicon: image  0:  16 x  16 x  4
pamtowinicon: Image  0: encoding as BMP
pamtowinicon: Image  0:  32 x  32 x 4, 13 colors, AND mask
pamtowinicon: Image  0: 744 bytes
pamtowinicon: image  0:  32 x  32 x  4
pamtowinicon: Image  0: encoding as BMP
pamtowinicon: Image  0:  48 x  48 x 4, 13 colors, AND mask
pamtowinicon: Image  0: 1640 bytes
pamtowinicon: image  0:  48 x  48 x  4

Command exit status: 0
Script done on Mon Aug 10 12:39:35 2026
